// Jest Snapshot v1, https://goo.gl/fbAQLP

exports[`Home page matches snapshot 1`] = `
<DocumentFragment>
  <div>
    <main>
      <h1>
        Next Init TypeScript
      </h1>
    </main>
  </div>
</DocumentFragment>
`;
